Recent 30, 11:30: 44366 supported candidates so far
Recent 30, 12:05: 90629 supported candidates so far
Recent 30, 12:35: 136959 supported candidates so far
Recent 30, 13:35: 183265 supported candidates so far
Recent 30, 15:35: 229614 supported candidates so far
Recent 30, 16:00: 275466 supported candidates so far
Recent 60, 11:30: 51481 supported candidates so far
Recent 60, 12:05: 105082 supported candidates so far
Recent 60, 12:35: 158812 supported candidates so far
Recent 60, 13:35: 212402 supported candidates so far
Recent 60, 15:35: 266087 supported candidates so far
Recent 60, 16:00: 319478 supported candidates so far
{
  "spans": {
    "recent30": [
      "2026-08-06",
      "2026-09-17"
    ],
    "recent60": [
      "2026-06-24",
      "2026-09-17"
    ],
    "previous30": [
      "2026-06-24",
      "2026-08-05"
    ]
  },
  "top5": {
    "30": [
      {
        "group": "存储器与数据存储 - 硬盘存储",
        "time": "12:35",
        "condition": "前10交易日收盘收益≤-1.0% 且 现价相对11:35起始价涨幅≥-1.0% 且 前3交易日收盘收益≤-2.0%",
        "metric": {
          "n": 20,
          "hits": 20,
          "rate": 1.0,
          "dates": 12,
          "stocks": 2,
          "lcb": 0.8388698745050667,
          "baseline": 0.925,
          "lift": 0.07499999999999996,
          "total_n": 20,
          "total_hits": 20,
          "total_rate": 1.0,
          "already_hit_n": 0,
          "observed_price_remaining_upside_median": 0.08234464419396625,
          "future_mae_median": -0.02238119747754258,
          "future_mae_p10": -0.06932166361761381,
          "terminal_median": 0.08963020569649605,
          "hit_minutes_median": 922.5,
          "ticker_counts": {
            "STX": 11,
            "WDC": 9
          },
          "supported": true,
          "date_progress_matched_baseline": 0.95,
          "lift_after_progress_matching": 0.050000000000000044
        }
      },
      {
        "group": "存储器与数据存储",
        "time": "11:30",
        "condition": "过去5日收盘收益日波动率≤3.0% 且 前3日小时净价格变化/绝对变化和≤25.0% 且 04:00开价相对前日20:00末价涨幅≤0.6%",
        "metric": {
          "n": 25,
          "hits": 24,
          "rate": 0.96,
          "dates": 11,
          "stocks": 4,
          "lcb": 0.8045552759497747,
          "baseline": 0.94,
          "lift": 0.020000000000000018,
          "total_n": 25,
          "total_hits": 24,
          "total_rate": 0.96,
          "already_hit_n": 0,
          "observed_price_remaining_upside_median": 0.07919772091912347,
          "future_mae_median": -0.02255492523929281,
          "future_mae_p10": -0.07078419117496822,
          "terminal_median": 0.08216345699246719,
          "hit_minutes_median": 672.5,
          "ticker_counts": {
            "STX": 10,
            "SNDK": 7,
            "MU": 4,
            "WDC": 4
          },
          "supported": true,
          "date_progress_matched_baseline": 0.94,
          "lift_after_progress_matching": 0.020000000000000018
        }
      },
      {
        "group": "网络与高速互连",
        "time": "11:30",
        "condition": "过去20日收盘收益日波动率≥4.9% 且 前5交易日收盘收益≤-6.5%",
        "metric": {
          "n": 20,
          "hits": 19,
          "rate": 0.95,
          "dates": 14,
          "stocks": 3,
          "lcb": 0.7638641064874331,
          "baseline": 0.4583333333333333,
          "lift": 0.49166666666666664,
          "total_n": 20,
          "total_hits": 19,
          "total_rate": 0.95,
          "already_hit_n": 0,
          "observed_price_remaining_upside_median": 0.07837090148999759,
          "future_mae_median": -0.03033070372679697,
          "future_mae_p10": -0.0743573039888641,
          "terminal_median": 0.054843191165981464,
          "hit_minutes_median": 680.0,
          "ticker_counts": {
            "ALAB": 9,
            "LITE": 6,
            "MRVL": 5
          },
          "supported": true,
          "date_progress_matched_baseline": 0.4583333333333333,
          "lift_after_progress_matching": 0.49166666666666664
        }
      },
      {
        "group": "6 月·上行",
        "time": "13:35",
        "condition": "前60交易日收盘收益≤-17.6% 且 前5交易日收盘收益≤-6.5% 且 开盘前30分钟振幅≥2.0%",
        "metric": {
          "n": 24,
          "hits": 22,
          "rate": 0.9166666666666666,
          "dates": 12,
          "stocks": 7,
          "lcb": 0.741507847985494,
          "baseline": 0.4094823114430957,
          "lift": 0.5071843552235709,
          "total_n": 24,
          "total_hits": 22,
          "total_rate": 0.9166666666666666,
          "already_hit_n": 0,
          "observed_price_remaining_upside_median": 0.08331937843424209,
          "future_mae_median": -0.021675461958640063,
          "future_mae_p10": -0.052524137294605894,
          "terminal_median": 0.12951050159128152,
          "hit_minutes_median": 550.0,
          "ticker_counts": {
            "MRVL": 5,
            "ALAB": 4,
            "ARM": 4,
            "INTC": 4,
            "SNDK": 4,
            "STX": 2,
            "MU": 1
          },
          "supported": true,
          "date_progress_matched_baseline": 0.47588902451034804,
          "lift_after_progress_matching": 0.4407776421563186
        }
      },
      {
        "group": "计算与通信芯片 - 连接与定制芯片",
        "time": "12:35",
        "condition": "最后30分钟涨幅≥-0.0% 且 过去20日收盘收益日波动率≥4.9% 且 当日5分钟实现波动≥2.0%",
        "metric": {
          "n": 22,
          "hits": 20,
          "rate": 0.9090909090909091,
          "dates": 15,
          "stocks": 2,
          "lcb": 0.7218461934161421,
          "baseline": 0.5303030303030302,
          "lift": 0.3787878787878789,
          "total_n": 22,
          "total_hits": 20,
          "total_rate": 0.9090909090909091,
          "already_hit_n": 0,
          "observed_price_remaining_upside_median": 0.07661520716791437,
          "future_mae_median": -0.05323159177946912,
          "future_mae_p10": -0.11854119440230253,
          "terminal_median": 0.034820803269788314,
          "hit_minutes_median": 607.5,
          "ticker_counts": {
            "ALAB": 11,
            "MRVL": 11
          },
          "supported": true,
          "date_progress_matched_baseline": 0.6969696969696969,
          "lift_after_progress_matching": 0.21212121212121215
        }
      }
    ],
    "60": [
      {
        "group": "全部候选证券",
        "time": "16:00",
        "condition": "11:35以来曾达到的最大涨幅≥5.0% 且 前3日常规盘小时收益波动率≥2.0% 且 当日5分钟实现波动≥5.0%",
        "metric": {
          "n": 28,
          "hits": 28,
          "rate": 1.0,
          "dates": 11,
          "stocks": 12,
          "lcb": 0.8793527963418923,
          "baseline": 0.3185915534996672,
          "lift": 0.6814084465003327,
          "total_n": 30,
          "total_hits": 30,
          "total_rate": 1.0,
          "already_hit_n": 2,
          "observed_price_remaining_upside_median": 0.04459152949664624,
          "future_mae_median": -0.03957645959174516,
          "future_mae_p10": -0.22220544569209252,
          "terminal_median": 0.058486196604236484,
          "hit_minutes_median": 5.0,
          "ticker_counts": {
            "NBIS": 5,
            "ALAB": 4,
            "SNDK": 4,
            "WDC": 3,
            "ARM": 2,
            "HONA": 2,
            "RKLB": 2,
            "STX": 2,
            "CRWV": 1,
            "LITE": 1,
            "MRVL": 1,
            "MU": 1
          },
          "supported": true,
          "date_progress_matched_baseline": 0.7060909784153798,
          "lift_after_progress_matching": 0.2939090215846202
        }
      },
      {
        "group": "存储器与数据存储",
        "time": "11:30",
        "condition": "前3交易日收盘收益≤-5.0% 且 前3日常规盘小时收益波动率≥2.0% 且 前20交易日收盘收益≤-12.7%",
        "metric": {
          "n": 28,
          "hits": 28,
          "rate": 1.0,
          "dates": 11,
          "stocks": 4,
          "lcb": 0.8793527963418923,
          "baseline": 0.9642857142857143,
          "lift": 0.0357142857142857,
          "total_n": 28,
          "total_hits": 28,
          "total_rate": 1.0,
          "already_hit_n": 0,
          "observed_price_remaining_upside_median": 0.08090838645956644,
          "future_mae_median": -0.053332088365008024,
          "future_mae_p10": -0.1616730573285147,
          "terminal_median": 0.13022656680561884,
          "hit_minutes_median": 305.0,
          "ticker_counts": {
            "SNDK": 10,
            "WDC": 9,
            "STX": 5,
            "MU": 4
          },
          "supported": true,
          "date_progress_matched_baseline": 0.9642857142857143,
          "lift_after_progress_matching": 0.0357142857142857
        }
      },
      {
        "group": "云基础设施平台 - AI 算力云",
        "time": "15:35",
        "condition": "前3交易日收盘收益≤-3.0% 且 前10交易日收盘收益≤-9.0% 且 现价相对11:35起始价涨幅≥-1.0%",
        "metric": {
          "n": 26,
          "hits": 26,
          "rate": 1.0,
          "dates": 16,
          "stocks": 2,
          "lcb": 0.8712669561953783,
          "baseline": 0.9807692307692307,
          "lift": 0.019230769230769273,
          "total_n": 26,
          "total_hits": 26,
          "total_rate": 1.0,
          "already_hit_n": 0,
          "observed_price_remaining_upside_median": 0.07321144813737601,
          "future_mae_median": -0.05287293775151386,
          "future_mae_p10": -0.17943305898937884,
          "terminal_median": 0.11676710619229114,
          "hit_minutes_median": 440.0,
          "ticker_counts": {
            "CRWV": 14,
            "NBIS": 12
          },
          "supported": true,
          "date_progress_matched_baseline": 1.0,
          "lift_after_progress_matching": 0.0
        }
      },
      {
        "group": "半导体设备与测试",
        "time": "11:30",
        "condition": "前3交易日收盘收益≤-5.0% 且 前60交易日收盘收益≤-5.0% 且 前20交易日收盘收益≤-12.7%",
        "metric": {
          "n": 21,
          "hits": 21,
          "rate": 1.0,
          "dates": 10,
          "stocks": 5,
          "lcb": 0.8453561767357979,
          "baseline": 0.8571428571428573,
          "lift": 0.14285714285714268,
          "total_n": 21,
          "total_hits": 21,
          "total_rate": 1.0,
          "already_hit_n": 0,
          "observed_price_remaining_upside_median": 0.07965531391054581,
          "future_mae_median": -0.01824030354131545,
          "future_mae_p10": -0.05022724624169683,
          "terminal_median": 0.10535457594633457,
          "hit_minutes_median": 1050.0,
          "ticker_counts": {
            "TER": 9,
            "AMAT": 4,
            "KLAC": 3,
            "LRCX": 3,
            "ASML": 2
          },
          "supported": true,
          "date_progress_matched_baseline": 0.8571428571428573,
          "lift_after_progress_matching": 0.14285714285714268
        }
      },
      {
        "group": "6 月·上行",
        "time": "11:30",
        "condition": "前3日常规盘小时收益波动率≥2.0% 且 前20交易日收盘收益≤-12.7% 且 前3交易日收盘收益≤-5.0%",
        "metric": {
          "n": 45,
          "hits": 44,
          "rate": 0.9777777777777777,
          "dates": 12,
          "stocks": 11,
          "lcb": 0.8843305361128118,
          "baseline": 0.512927072927073,
          "lift": 0.4648507048507048,
          "total_n": 45,
          "total_hits": 44,
          "total_rate": 0.9777777777777777,
          "already_hit_n": 0,
          "observed_price_remaining_upside_median": 0.08105236461684284,
          "future_mae_median": -0.057076585345648856,
          "future_mae_p10": -0.13123373466637295,
          "terminal_median": 0.12795220111605898,
          "hit_minutes_median": 660.0,
          "ticker_counts": {
            "SNDK": 8,
            "WDC": 7,
            "STX": 5,
            "ARM": 4,
            "LITE": 4,
            "MRVL": 4,
            "MU": 4,
            "NBIS": 4,
            "AMAT": 2,
            "AMD": 2,
            "ALAB": 1
          },
          "supported": true,
          "date_progress_matched_baseline": 0.512927072927073,
          "lift_after_progress_matching": 0.4648507048507048
        }
      }
    ]
  }
}
