[1/48] AAPL
[R2 Hit] Successfully downloaded us_5m/AAPL/2026.parquet -> /Users/admin/Code/stock/analysis/prevday_ai_surge_v1/data_cache/us_5m/AAPL/2026.parquet
2026-09-26 22:48:03,996 | 47797 | 8405917056 | [open_context_base.py:411] _init_connect_sync: New connect ready: conn=7509624840238605281(1) context=<futu.quote.open_quote_context.OpenQuoteContext object at 0x13226b8c0>
[Futu] Connected to OpenD on 127.0.0.1:11111
[Saved] AAPL 5m (NONE/ALL): 35328 bars (1 pages, 2.3s) -> /Users/admin/Code/stock/analysis/prevday_ai_surge_v1/data_cache/us_5m/AAPL/2026.parquet
[2/48] ADBE
[R2 Hit] Successfully downloaded us_5m/ADBE/2026.parquet -> /Users/admin/Code/stock/analysis/prevday_ai_surge_v1/data_cache/us_5m/ADBE/2026.parquet
[Saved] ADBE 5m (NONE/ALL): 35328 bars (1 pages, 2.7s) -> /Users/admin/Code/stock/analysis/prevday_ai_surge_v1/data_cache/us_5m/ADBE/2026.parquet
[3/48] ADI
[R2 Hit] Successfully downloaded us_5m/ADI/2026.parquet -> /Users/admin/Code/stock/analysis/prevday_ai_surge_v1/data_cache/us_5m/ADI/2026.parquet
[Saved] ADI 5m (NONE/ALL): 35328 bars (1 pages, 2.9s) -> /Users/admin/Code/stock/analysis/prevday_ai_surge_v1/data_cache/us_5m/ADI/2026.parquet
[4/48] ADSK
[R2 Hit] Successfully downloaded us_5m/ADSK/2026.parquet -> /Users/admin/Code/stock/analysis/prevday_ai_surge_v1/data_cache/us_5m/ADSK/2026.parquet
[Saved] ADSK 5m (NONE/ALL): 35328 bars (1 pages, 3.3s) -> /Users/admin/Code/stock/analysis/prevday_ai_surge_v1/data_cache/us_5m/ADSK/2026.parquet
[5/48] ALAB
[R2 Hit] Successfully downloaded us_5m/ALAB/2026.parquet -> /Users/admin/Code/stock/analysis/prevday_ai_surge_v1/data_cache/us_5m/ALAB/2026.parquet
[Saved] ALAB 5m (NONE/ALL): 35328 bars (1 pages, 3.2s) -> /Users/admin/Code/stock/analysis/prevday_ai_surge_v1/data_cache/us_5m/ALAB/2026.parquet
[6/48] AMAT
[R2 Hit] Successfully downloaded us_5m/AMAT/2026.parquet -> /Users/admin/Code/stock/analysis/prevday_ai_surge_v1/data_cache/us_5m/AMAT/2026.parquet
[Saved] AMAT 5m (NONE/ALL): 35328 bars (1 pages, 2.7s) -> /Users/admin/Code/stock/analysis/prevday_ai_surge_v1/data_cache/us_5m/AMAT/2026.parquet
[7/48] AMD
[R2 Hit] Successfully downloaded us_5m/AMD/2026.parquet -> /Users/admin/Code/stock/analysis/prevday_ai_surge_v1/data_cache/us_5m/AMD/2026.parquet
[Saved] AMD 5m (NONE/ALL): 35328 bars (1 pages, 2.8s) -> /Users/admin/Code/stock/analysis/prevday_ai_surge_v1/data_cache/us_5m/AMD/2026.parquet
[8/48] AMZN
[R2 Hit] Successfully downloaded us_5m/AMZN/2026.parquet -> /Users/admin/Code/stock/analysis/prevday_ai_surge_v1/data_cache/us_5m/AMZN/2026.parquet
[Saved] AMZN 5m (NONE/ALL): 35328 bars (1 pages, 3.7s) -> /Users/admin/Code/stock/analysis/prevday_ai_surge_v1/data_cache/us_5m/AMZN/2026.parquet
[9/48] APP
[R2 Hit] Successfully downloaded us_5m/APP/2026.parquet -> /Users/admin/Code/stock/analysis/prevday_ai_surge_v1/data_cache/us_5m/APP/2026.parquet
[Saved] APP 5m (NONE/ALL): 35328 bars (1 pages, 2.3s) -> /Users/admin/Code/stock/analysis/prevday_ai_surge_v1/data_cache/us_5m/APP/2026.parquet
[10/48] ARM
[R2 Hit] Successfully downloaded us_5m/ARM/2026.parquet -> /Users/admin/Code/stock/analysis/prevday_ai_surge_v1/data_cache/us_5m/ARM/2026.parquet
[Saved] ARM 5m (NONE/ALL): 35328 bars (1 pages, 2.6s) -> /Users/admin/Code/stock/analysis/prevday_ai_surge_v1/data_cache/us_5m/ARM/2026.parquet
[11/48] ASML
[R2 Hit] Successfully downloaded us_5m/ASML/2026.parquet -> /Users/admin/Code/stock/analysis/prevday_ai_surge_v1/data_cache/us_5m/ASML/2026.parquet
[Saved] ASML 5m (NONE/ALL): 35328 bars (1 pages, 2.7s) -> /Users/admin/Code/stock/analysis/prevday_ai_surge_v1/data_cache/us_5m/ASML/2026.parquet
[12/48] AVGO
[R2 Hit] Successfully downloaded us_5m/AVGO/2026.parquet -> /Users/admin/Code/stock/analysis/prevday_ai_surge_v1/data_cache/us_5m/AVGO/2026.parquet
[Saved] AVGO 5m (NONE/ALL): 35328 bars (1 pages, 2.8s) -> /Users/admin/Code/stock/analysis/prevday_ai_surge_v1/data_cache/us_5m/AVGO/2026.parquet
[13/48] CDNS
[R2 Hit] Successfully downloaded us_5m/CDNS/2026.parquet -> /Users/admin/Code/stock/analysis/prevday_ai_surge_v1/data_cache/us_5m/CDNS/2026.parquet
[Saved] CDNS 5m (NONE/ALL): 35328 bars (1 pages, 2.2s) -> /Users/admin/Code/stock/analysis/prevday_ai_surge_v1/data_cache/us_5m/CDNS/2026.parquet
[14/48] CEG
[R2 Hit] Successfully downloaded us_5m/CEG/2026.parquet -> /Users/admin/Code/stock/analysis/prevday_ai_surge_v1/data_cache/us_5m/CEG/2026.parquet
[Saved] CEG 5m (NONE/ALL): 35328 bars (1 pages, 2.8s) -> /Users/admin/Code/stock/analysis/prevday_ai_surge_v1/data_cache/us_5m/CEG/2026.parquet
[15/48] CRDO
[R2 Hit] Successfully downloaded us_5m/CRDO/2026.parquet -> /Users/admin/Code/stock/analysis/prevday_ai_surge_v1/data_cache/us_5m/CRDO/2026.parquet
[Saved] CRDO 5m (NONE/ALL): 4608 bars (1 pages, 2.6s) -> /Users/admin/Code/stock/analysis/prevday_ai_surge_v1/data_cache/us_5m/CRDO/2026.parquet
[16/48] CRWD
[R2 Hit] Successfully downloaded us_5m/CRWD/2026.parquet -> /Users/admin/Code/stock/analysis/prevday_ai_surge_v1/data_cache/us_5m/CRWD/2026.parquet
[Saved] CRWD 5m (NONE/ALL): 35328 bars (1 pages, 3.1s) -> /Users/admin/Code/stock/analysis/prevday_ai_surge_v1/data_cache/us_5m/CRWD/2026.parquet
[17/48] CRWV
[R2 Hit] Successfully downloaded us_5m/CRWV/2026.parquet -> /Users/admin/Code/stock/analysis/prevday_ai_surge_v1/data_cache/us_5m/CRWV/2026.parquet
[Saved] CRWV 5m (NONE/ALL): 35328 bars (1 pages, 2.3s) -> /Users/admin/Code/stock/analysis/prevday_ai_surge_v1/data_cache/us_5m/CRWV/2026.parquet
[18/48] CSCO
[R2 Hit] Successfully downloaded us_5m/CSCO/2026.parquet -> /Users/admin/Code/stock/analysis/prevday_ai_surge_v1/data_cache/us_5m/CSCO/2026.parquet
[Saved] CSCO 5m (NONE/ALL): 35328 bars (1 pages, 2.3s) -> /Users/admin/Code/stock/analysis/prevday_ai_surge_v1/data_cache/us_5m/CSCO/2026.parquet
[19/48] DDOG
[R2 Hit] Successfully downloaded us_5m/DDOG/2026.parquet -> /Users/admin/Code/stock/analysis/prevday_ai_surge_v1/data_cache/us_5m/DDOG/2026.parquet
[Saved] DDOG 5m (NONE/ALL): 35328 bars (1 pages, 2.3s) -> /Users/admin/Code/stock/analysis/prevday_ai_surge_v1/data_cache/us_5m/DDOG/2026.parquet
[20/48] FTNT
[R2 Hit] Successfully downloaded us_5m/FTNT/2026.parquet -> /Users/admin/Code/stock/analysis/prevday_ai_surge_v1/data_cache/us_5m/FTNT/2026.parquet
[Saved] FTNT 5m (NONE/ALL): 35328 bars (1 pages, 2.4s) -> /Users/admin/Code/stock/analysis/prevday_ai_surge_v1/data_cache/us_5m/FTNT/2026.parquet
[21/48] GOOGL
[R2 Hit] Successfully downloaded us_5m/GOOGL/2026.parquet -> /Users/admin/Code/stock/analysis/prevday_ai_surge_v1/data_cache/us_5m/GOOGL/2026.parquet
[Saved] GOOGL 5m (NONE/ALL): 35328 bars (1 pages, 2.7s) -> /Users/admin/Code/stock/analysis/prevday_ai_surge_v1/data_cache/us_5m/GOOGL/2026.parquet
[22/48] HON
[R2 Hit] Successfully downloaded us_5m/HON/2026.parquet -> /Users/admin/Code/stock/analysis/prevday_ai_surge_v1/data_cache/us_5m/HON/2026.parquet
[Saved] HON 5m (NONE/ALL): 35328 bars (1 pages, 2.3s) -> /Users/admin/Code/stock/analysis/prevday_ai_surge_v1/data_cache/us_5m/HON/2026.parquet
[23/48] INTC
[R2 Hit] Successfully downloaded us_5m/INTC/2026.parquet -> /Users/admin/Code/stock/analysis/prevday_ai_surge_v1/data_cache/us_5m/INTC/2026.parquet
[Saved] INTC 5m (NONE/ALL): 35328 bars (1 pages, 2.7s) -> /Users/admin/Code/stock/analysis/prevday_ai_surge_v1/data_cache/us_5m/INTC/2026.parquet
[24/48] INTU
[R2 Hit] Successfully downloaded us_5m/INTU/2026.parquet -> /Users/admin/Code/stock/analysis/prevday_ai_surge_v1/data_cache/us_5m/INTU/2026.parquet
[Saved] INTU 5m (NONE/ALL): 35328 bars (1 pages, 2.5s) -> /Users/admin/Code/stock/analysis/prevday_ai_surge_v1/data_cache/us_5m/INTU/2026.parquet
[25/48] KLAC
[R2 Hit] Successfully downloaded us_5m/KLAC/2026.parquet -> /Users/admin/Code/stock/analysis/prevday_ai_surge_v1/data_cache/us_5m/KLAC/2026.parquet
[Saved] KLAC 5m (NONE/ALL): 35328 bars (1 pages, 2.4s) -> /Users/admin/Code/stock/analysis/prevday_ai_surge_v1/data_cache/us_5m/KLAC/2026.parquet
[26/48] LITE
[R2 Hit] Successfully downloaded us_5m/LITE/2026.parquet -> /Users/admin/Code/stock/analysis/prevday_ai_surge_v1/data_cache/us_5m/LITE/2026.parquet
[Saved] LITE 5m (NONE/ALL): 35328 bars (1 pages, 2.5s) -> /Users/admin/Code/stock/analysis/prevday_ai_surge_v1/data_cache/us_5m/LITE/2026.parquet
[27/48] LRCX
[R2 Hit] Successfully downloaded us_5m/LRCX/2026.parquet -> /Users/admin/Code/stock/analysis/prevday_ai_surge_v1/data_cache/us_5m/LRCX/2026.parquet
[Saved] LRCX 5m (NONE/ALL): 35328 bars (1 pages, 2.5s) -> /Users/admin/Code/stock/analysis/prevday_ai_surge_v1/data_cache/us_5m/LRCX/2026.parquet
[28/48] MCHP
[R2 Hit] Successfully downloaded us_5m/MCHP/2026.parquet -> /Users/admin/Code/stock/analysis/prevday_ai_surge_v1/data_cache/us_5m/MCHP/2026.parquet
[Saved] MCHP 5m (NONE/ALL): 35328 bars (1 pages, 2.2s) -> /Users/admin/Code/stock/analysis/prevday_ai_surge_v1/data_cache/us_5m/MCHP/2026.parquet
[29/48] MELI
[R2 Hit] Successfully downloaded us_5m/MELI/2026.parquet -> /Users/admin/Code/stock/analysis/prevday_ai_surge_v1/data_cache/us_5m/MELI/2026.parquet
[Saved] MELI 5m (NONE/ALL): 35328 bars (1 pages, 2.4s) -> /Users/admin/Code/stock/analysis/prevday_ai_surge_v1/data_cache/us_5m/MELI/2026.parquet
[30/48] META
[R2 Hit] Successfully downloaded us_5m/META/2026.parquet -> /Users/admin/Code/stock/analysis/prevday_ai_surge_v1/data_cache/us_5m/META/2026.parquet
[Saved] META 5m (NONE/ALL): 35328 bars (1 pages, 3.3s) -> /Users/admin/Code/stock/analysis/prevday_ai_surge_v1/data_cache/us_5m/META/2026.parquet
[31/48] MPWR
[R2 Hit] Successfully downloaded us_5m/MPWR/2026.parquet -> /Users/admin/Code/stock/analysis/prevday_ai_surge_v1/data_cache/us_5m/MPWR/2026.parquet
[Saved] MPWR 5m (NONE/ALL): 35328 bars (1 pages, 2.4s) -> /Users/admin/Code/stock/analysis/prevday_ai_surge_v1/data_cache/us_5m/MPWR/2026.parquet
[32/48] MRVL
[R2 Hit] Successfully downloaded us_5m/MRVL/2026.parquet -> /Users/admin/Code/stock/analysis/prevday_ai_surge_v1/data_cache/us_5m/MRVL/2026.parquet
[Saved] MRVL 5m (NONE/ALL): 35328 bars (1 pages, 2.4s) -> /Users/admin/Code/stock/analysis/prevday_ai_surge_v1/data_cache/us_5m/MRVL/2026.parquet
[33/48] MSFT
[R2 Hit] Successfully downloaded us_5m/MSFT/2026.parquet -> /Users/admin/Code/stock/analysis/prevday_ai_surge_v1/data_cache/us_5m/MSFT/2026.parquet
[Saved] MSFT 5m (NONE/ALL): 35328 bars (1 pages, 2.9s) -> /Users/admin/Code/stock/analysis/prevday_ai_surge_v1/data_cache/us_5m/MSFT/2026.parquet
[34/48] MU
[R2 Hit] Successfully downloaded us_5m/MU/2026.parquet -> /Users/admin/Code/stock/analysis/prevday_ai_surge_v1/data_cache/us_5m/MU/2026.parquet
[Saved] MU 5m (NONE/ALL): 35328 bars (1 pages, 2.5s) -> /Users/admin/Code/stock/analysis/prevday_ai_surge_v1/data_cache/us_5m/MU/2026.parquet
[35/48] NBIS
[R2 Hit] Successfully downloaded us_5m/NBIS/2026.parquet -> /Users/admin/Code/stock/analysis/prevday_ai_surge_v1/data_cache/us_5m/NBIS/2026.parquet
[Saved] NBIS 5m (NONE/ALL): 35328 bars (1 pages, 2.4s) -> /Users/admin/Code/stock/analysis/prevday_ai_surge_v1/data_cache/us_5m/NBIS/2026.parquet
[36/48] NVDA
[R2 Hit] Successfully downloaded us_5m/NVDA/2026.parquet -> /Users/admin/Code/stock/analysis/prevday_ai_surge_v1/data_cache/us_5m/NVDA/2026.parquet
[Saved] NVDA 5m (NONE/ALL): 35328 bars (1 pages, 2.6s) -> /Users/admin/Code/stock/analysis/prevday_ai_surge_v1/data_cache/us_5m/NVDA/2026.parquet
[37/48] NXPI
[R2 Hit] Successfully downloaded us_5m/NXPI/2026.parquet -> /Users/admin/Code/stock/analysis/prevday_ai_surge_v1/data_cache/us_5m/NXPI/2026.parquet
[Saved] NXPI 5m (NONE/ALL): 35328 bars (1 pages, 2.4s) -> /Users/admin/Code/stock/analysis/prevday_ai_surge_v1/data_cache/us_5m/NXPI/2026.parquet
[38/48] PANW
[R2 Hit] Successfully downloaded us_5m/PANW/2026.parquet -> /Users/admin/Code/stock/analysis/prevday_ai_surge_v1/data_cache/us_5m/PANW/2026.parquet
[Saved] PANW 5m (NONE/ALL): 35328 bars (1 pages, 2.6s) -> /Users/admin/Code/stock/analysis/prevday_ai_surge_v1/data_cache/us_5m/PANW/2026.parquet
[39/48] PLTR
[R2 Hit] Successfully downloaded us_5m/PLTR/2026.parquet -> /Users/admin/Code/stock/analysis/prevday_ai_surge_v1/data_cache/us_5m/PLTR/2026.parquet
[Saved] PLTR 5m (NONE/ALL): 35328 bars (1 pages, 2.4s) -> /Users/admin/Code/stock/analysis/prevday_ai_surge_v1/data_cache/us_5m/PLTR/2026.parquet
[40/48] QCOM
[R2 Hit] Successfully downloaded us_5m/QCOM/2026.parquet -> /Users/admin/Code/stock/analysis/prevday_ai_surge_v1/data_cache/us_5m/QCOM/2026.parquet
[Saved] QCOM 5m (NONE/ALL): 35328 bars (1 pages, 3.2s) -> /Users/admin/Code/stock/analysis/prevday_ai_surge_v1/data_cache/us_5m/QCOM/2026.parquet
[41/48] SHOP
[R2 Hit] Successfully downloaded us_5m/SHOP/2026.parquet -> /Users/admin/Code/stock/analysis/prevday_ai_surge_v1/data_cache/us_5m/SHOP/2026.parquet
[Saved] SHOP 5m (NONE/ALL): 35328 bars (1 pages, 2.3s) -> /Users/admin/Code/stock/analysis/prevday_ai_surge_v1/data_cache/us_5m/SHOP/2026.parquet
[42/48] SNDK
[R2 Skip] us_5m/SNDK/2026.parquet lookup/download: <urlopen error timed out>
[Saved] SNDK 5m (NONE/ALL): 35328 bars (1 pages, 2.7s) -> /Users/admin/Code/stock/analysis/prevday_ai_surge_v1/data_cache/us_5m/SNDK/2026.parquet
[43/48] SNPS
[R2 Hit] Successfully downloaded us_5m/SNPS/2026.parquet -> /Users/admin/Code/stock/analysis/prevday_ai_surge_v1/data_cache/us_5m/SNPS/2026.parquet
[Saved] SNPS 5m (NONE/ALL): 35328 bars (1 pages, 2.2s) -> /Users/admin/Code/stock/analysis/prevday_ai_surge_v1/data_cache/us_5m/SNPS/2026.parquet
[44/48] STX
[R2 Hit] Successfully downloaded us_5m/STX/2026.parquet -> /Users/admin/Code/stock/analysis/prevday_ai_surge_v1/data_cache/us_5m/STX/2026.parquet
[Saved] STX 5m (NONE/ALL): 35328 bars (1 pages, 2.9s) -> /Users/admin/Code/stock/analysis/prevday_ai_surge_v1/data_cache/us_5m/STX/2026.parquet
[45/48] TER
[R2 Hit] Successfully downloaded us_5m/TER/2026.parquet -> /Users/admin/Code/stock/analysis/prevday_ai_surge_v1/data_cache/us_5m/TER/2026.parquet
[Saved] TER 5m (NONE/ALL): 35328 bars (1 pages, 3.2s) -> /Users/admin/Code/stock/analysis/prevday_ai_surge_v1/data_cache/us_5m/TER/2026.parquet
[46/48] TXN
[R2 Hit] Successfully downloaded us_5m/TXN/2026.parquet -> /Users/admin/Code/stock/analysis/prevday_ai_surge_v1/data_cache/us_5m/TXN/2026.parquet
[Saved] TXN 5m (NONE/ALL): 35328 bars (1 pages, 2.8s) -> /Users/admin/Code/stock/analysis/prevday_ai_surge_v1/data_cache/us_5m/TXN/2026.parquet
[47/48] WDC
[R2 Hit] Successfully downloaded us_5m/WDC/2026.parquet -> /Users/admin/Code/stock/analysis/prevday_ai_surge_v1/data_cache/us_5m/WDC/2026.parquet
[Saved] WDC 5m (NONE/ALL): 35328 bars (1 pages, 4.7s) -> /Users/admin/Code/stock/analysis/prevday_ai_surge_v1/data_cache/us_5m/WDC/2026.parquet
[48/48] QQQ
2026-09-26 22:57:08,530 | 47797 | 6134312960 | [open_context_base.py:521] on_disconnect: Disconnected: conn=0(1) reason=CallClose
